// Jest Snapshot v1, https://goo.gl/fbAQLP

exports[`<Input /> Should render as expected 1`] = `
ShallowWrapper {
  "length": 1,
  Symbol(enzyme.__root__): [Circular],
  Symbol(enzyme.__unrendered__): <App.Input
    onChange={[Function]}
    placeholder="Search"
    type="search"
    value="test"
/>,
  Symbol(enzyme.__renderer__): Object {
    "batchedUpdates": [Function],
    "getNode": [Function],
    "render": [Function],
    "simulateEvent": [Function],
    "unmount": [Function],
  },
  Symbol(enzyme.__node__): Object {
    "instance": null,
    "key": undefined,
    "nodeType": "host",
    "props": Object {
      "children": Array [
        <span
          className="pt-icon undefined"
/>,
        <input
          className="pt-input pt-large"
          dir="auto"
          name={undefined}
          onChange={[Function]}
          placeholder="Search"
          type="search"
          value="test"
/>,
      ],
      "className": "pt-input-group pt-large",
    },
    "ref": null,
    "rendered": Array [
      Object {
        "instance": null,
        "key": undefined,
        "nodeType": "host",
        "props": Object {
          "className": "pt-icon undefined",
        },
        "ref": null,
        "rendered": null,
        "type": "span",
      },
      Object {
        "instance": null,
        "key": undefined,
        "nodeType": "host",
        "props": Object {
          "className": "pt-input pt-large",
          "dir": "auto",
          "name": undefined,
          "onChange": [Function],
          "placeholder": "Search",
          "type": "search",
          "value": "test",
        },
        "ref": null,
        "rendered": null,
        "type": "input",
      },
    ],
    "type": "div",
  },
  Symbol(enzyme.__nodes__): Array [
    Object {
      "instance": null,
      "key": undefined,
      "nodeType": "host",
      "props": Object {
        "children": Array [
          <span
            className="pt-icon undefined"
/>,
          <input
            className="pt-input pt-large"
            dir="auto"
            name={undefined}
            onChange={[Function]}
            placeholder="Search"
            type="search"
            value="test"
/>,
        ],
        "className": "pt-input-group pt-large",
      },
      "ref": null,
      "rendered": Array [
        Object {
          "instance": null,
          "key": undefined,
          "nodeType": "host",
          "props": Object {
            "className": "pt-icon undefined",
          },
          "ref": null,
          "rendered": null,
          "type": "span",
        },
        Object {
          "instance": null,
          "key": undefined,
          "nodeType": "host",
          "props": Object {
            "className": "pt-input pt-large",
            "dir": "auto",
            "name": undefined,
            "onChange": [Function],
            "placeholder": "Search",
            "type": "search",
            "value": "test",
          },
          "ref": null,
          "rendered": null,
          "type": "input",
        },
      ],
      "type": "div",
    },
  ],
  Symbol(enzyme.__options__): Object {
    "adapter": ReactSixteenAdapter {
      "options": Object {
        "enableComponentDidUpdateOnSetState": true,
      },
    },
  },
}
`;
